../Core/Src/main.c:97:6:HAL_TIM_IC_CaptureCallback	48	static
../Core/Src/main.c:235:5:main	8	static
../Core/Src/main.c:296:6:SystemClock_Config	120	static
../Core/Src/main.c:359:13:MX_TIM1_Init	120	static
../Core/Src/main.c:439:13:MX_TIM2_Init	56	static
../Core/Src/main.c:503:13:MX_USART3_UART_Init	8	static
../Core/Src/main.c:551:13:MX_USB_OTG_HS_USB_Init	4	static
../Core/Src/main.c:570:13:MX_DMA_Init	16	static
../Core/Src/main.c:591:13:MX_GPIO_Init	64	static
../Core/Src/main.c:682:6:Error_Handler	4	static,ignoring_inline_asm
